// Jest Snapshot v1, https://goo.gl/fbAQLP

exports[`TsCheckerWebpackPlugin basic-type-error 1`] = `
Array [
  "Xdir/test/testCases/basic-type-error/src/entry.ts
Type '\\"test\\"' is not assignable to type 'number'.",
]
`;

exports[`TsCheckerWebpackPlugin ts-dependency-only-error 1`] = `
Array [
  "Xdir/test/testCases/ts-dependency-only-error/src/entry.ts
Class 'TestImpl' incorrectly implements interface 'Test'.
  Property 'doStuff' is missing in type 'TestImpl'.",
]
`;

exports[`TsCheckerWebpackPlugin use-library-type-definition-error 1`] = `
Array [
  "Xdir/test/testCases/use-library-type-definition-error/src/entry.ts
Could not find a declaration file for module 'react'. 'Xdir/node_modules/react/react.js' implicitly has an 'any' type.",
]
`;
